// 重构日志: d3ea7216
// 重构日志: 9dd35e50
// 同步 ID: 1ed93b32 @ Sat Jul 25 09:54:41 UTC 2026
// 重构日志: 731a4794
// 重构日志: 1ad0fa4b
// 重构日志: 1e8bb387
// 重构日志: f393d38c
// 重构日志: be403376
// 重构日志: 2ac4fed2
// 重构日志: 104353ef
// 重构日志: 3fed06c5
// 重构日志: 314c7860
// 重构日志: f472b7b3
// 同步 ID: 07b39311 @ Wed Jul 29 17:33:22 UTC 2026
// 同步 ID: 0d5dd010 @ Thu Jul 30 11:00:53 UTC 2026
// 同步 ID: 124c05a2 @ Thu Jul 30 13:37:55 UTC 2026
// 同步 ID: 0edb78a1 @ Fri Jul 31 01:14:48 UTC 2026
// 同步 ID: 860157b7 @ Sat Aug  1 16:25:31 UTC 2026
// 同步 ID: c2e0090e @ Sun Aug  2 14:55:34 UTC 2026
// 同步 ID: 230cd372 @ Mon Aug  3 01:58:19 UTC 2026
// 同步 ID: b16788d8 @ Tue Aug  4 15:36:51 UTC 2026
// 重构日志: 9b9b3d37
// 重构日志: 27036366
// 重构日志: c215df66
// 重构日志: c1c8139c
// 重构日志: 07eca446
// 重构日志: 9b327d6a
// 同步 ID: 2b903059 @ Fri Aug  7 11:58:49 UTC 2026
// 重构日志: 168b0c36
// 同步 ID: 8963d5e9 @ Sat Aug  8 10:23:05 UTC 2026
// 重构日志: cf2b7b64
// 重构日志: f721eb0b
